[www.gmanzola.fr/index.html]
[www.gmanzola.fr/favicon.ico]
[backblue.gif]
[fade.gif]
[index.html]
[www.gmanzola.fr/assets/bootstrap/css/bootstrap.min.css]
[www.gmanzola.fr/assets/css/all.min.css]
[www.gmanzola.fr/assets/css/fontawesome.min.css]
[www.gmanzola.fr/assets/css/magnific-popup.css]
[www.gmanzola.fr/assets/css/owl.theme.css]
[www.gmanzola.fr/assets/css/owl.carousel.css]
[www.gmanzola.fr/assets/css/animate.min.css]
[www.gmanzola.fr/assets/css/style.css]
[www.gmanzola.fr/index-2.html]
[www.gmanzola.fr/assets/docs/CV_GAEL_MANZOLA.pdf]
[www.gmanzola.fr/assets/images/city4trip.png]
[www.gmanzola.fr/assets/images/city4trip-2.png]
[www.gmanzola.fr/assets/images/mycoachbox.png]
[www.gmanzola.fr/assets/images/mycoachbox-2.png]
[www.gmanzola.fr/assets/images/dpsmarket.png]
[www.gmanzola.fr/assets/images/dpsmarket-new.png]
[www.gmanzola.fr/assets/images/dpsmarket-old.png]
[www.gmanzola.fr/assets/images/altimachr.png]
[www.gmanzola.fr/assets/images/altimachr-2.png]
[www.gmanzola.fr/assets/images/urbanmarginal.png]
[www.gmanzola.fr/assets/images/gsbfrais.png]
[www.gmanzola.fr/assets/images/franceagrimer.png]
[www.gmanzola.fr/assets/js/jquery-1.11.1.min.js]
[www.gmanzola.fr/assets/bootstrap/js/bootstrap.min.js]
[www.gmanzola.fr/assets/js/jquery.magnific-popup.min.js]
[www.gmanzola.fr/assets/js/jquery.parallax-1.1.3.js]
[www.gmanzola.fr/assets/js/imagesloaded.pkgd.js]
[www.gmanzola.fr/assets/js/jquery.shuffle.min.js]
[www.gmanzola.fr/assets/js/owl.carousel.min.js]
[www.gmanzola.fr/assets/js/jquery.sticky.js]
[www.gmanzola.fr/assets/js/smoothscroll.js]
[www.gmanzola.fr/assets/js/wow.min.js]
[cdn.jsdelivr.net/npm/typeit@6.0.2/dist/typeit.min.js]
[cdnjs.cloudflare.com/ajax/libs/particlesjs/2.2.3/particles.min.js]
[www.gmanzola.fr/assets/js/particles.app.js]
[www.gmanzola.fr/assets/js/custom.js]
[www.gmanzola.fr/assets/js/custom-shuffle-init.js]
[www.gmanzola.fr/index.html]
[www.gmanzola.fr/assets/bootstrap/css/bootstrap.min.css]
[www.gmanzola.fr/assets/webfonts/fa-brands-400.eot]
[www.gmanzola.fr/assets/webfonts/fa-brands-400d41d.eot]
[www.gmanzola.fr/assets/webfonts/fa-brands-400.woff2]
[www.gmanzola.fr/assets/webfonts/fa-brands-400.woff]
[www.gmanzola.fr/assets/webfonts/fa-brands-400.ttf]
[www.gmanzola.fr/assets/webfonts/fa-regular-400.eot]
[www.gmanzola.fr/assets/webfonts/fa-regular-400d41d.eot]
[www.gmanzola.fr/assets/webfonts/fa-regular-400.woff2]
[www.gmanzola.fr/assets/webfonts/fa-regular-400.woff]
[www.gmanzola.fr/assets/webfonts/fa-regular-400.ttf]
[www.gmanzola.fr/assets/webfonts/fa-solid-900.eot]
[www.gmanzola.fr/assets/webfonts/fa-solid-900d41d.eot]
[www.gmanzola.fr/assets/webfonts/fa-solid-900.woff2]
[www.gmanzola.fr/assets/webfonts/fa-solid-900.woff]
[www.gmanzola.fr/assets/webfonts/fa-solid-900.ttf]
[www.gmanzola.fr/assets/css/all.min.css]
[www.gmanzola.fr/assets/fonts/fontawesome-webfont3e6e.woff2]
[www.gmanzola.fr/assets/css/fontawesome.min.css]
[www.gmanzola.fr/assets/css/magnific-popup.css]
[www.gmanzola.fr/assets/css/owl.theme.css]
[www.gmanzola.fr/assets/images/grabbing.png]
[www.gmanzola.fr/assets/css/owl.carousel.css]
[www.gmanzola.fr/assets/css/animate.min.css]
[www.gmanzola.fr/assets/images/home2.jpg]
[www.gmanzola.fr/assets/images/pattern1.png]
[www.gmanzola.fr/assets/images/about.jpg]
[www.gmanzola.fr/assets/css/style.css]
[www.gmanzola.fr/index-2.html]
[www.gmanzola.fr/assets/bootstrap/fonts/glyphicons-halflings-regular.html]
[www.gmanzola.fr/assets/bootstrap/fonts/glyphicons-halflings-regulard41dd41d.html]
[www.gmanzola.fr/assets/bootstrap/fonts/glyphicons-halflings-regular-2.html]
[www.gmanzola.fr/assets/bootstrap/fonts/glyphicons-halflings-regular-3.html]
[www.gmanzola.fr/assets/bootstrap/fonts/glyphicons-halflings-regular-4.html]
[www.gmanzola.fr/assets/bootstrap/fonts/glyphicons-halflings-regular-5.html]
[www.gmanzola.fr/assets/webfonts/fa-brands-400.svg]
[www.gmanzola.fr/assets/webfonts/fa-regular-400.svg]
[www.gmanzola.fr/assets/webfonts/fa-solid-900.svg]
[www.gmanzola.fr/assets/fonts/fontawesome-webfont3e6e.html]
[www.gmanzola.fr/assets/fonts/fontawesome-webfontd41d.html]
[www.gmanzola.fr/assets/fonts/fontawesome-webfont3e6e-2.html]
[www.gmanzola.fr/assets/fonts/fontawesome-webfont3e6e-3.html]
[www.gmanzola.fr/assets/fonts/fontawesome-webfont3e6e-4.html]
[www.gmanzola.fr/assets/css/AjaxLoader.html]
